# main/utils.c
4 FORK_ANY
5 FORK_FIXES
6 FORK_FIXES
7 FORK_FIXES
8 FORK_FIXES
9 FORK_FIXES
10 FORK_FIXES
11 FORK_FIXES
12 FORK_FIXES
13 FORK_FIXES
14 FORK_FIXES
15 FORK_FIXES
16 FORK_FIXES
17 FORK_FIXES
18 FORK_FIXES
19 FORK_FIXES
20 FORK_FIXES
21 FORK_FIXES
22 FORK_FIXES
23 FORK_FIXES
24 FORK_FIXES
25 FORK_FIXES
26 FORK_FIXES
27 FORK_FIXES
28 FORK_FIXES
29 FORK_FIXES
30 FORK_FIXES
32 FORK_FIXES
33 FORK_FIXES
34 FORK_FIXES
35 FORK_FIXES
36 FORK_FIXES
37.0 FORK_FIXES
38.0 FEATURE_OTA_CHANNEL
38.1 FEATURE_ERROR_BANNER
38.2 FEATURE_WIFI_RESILIENCE
38.3 FEATURE_WIFI_RESILIENCE
38.4 FEATURE_WIFI_RESILIENCE
38.5 FEATURE_WIFI_RESILIENCE
38.11:78-81 FEATURE_BATTERY_HISTORY
38.13:60-67 FEATURE_AGENDA && FEATURE_OVERLAYS
38.15:36-39 FEATURE_CLIMATE && FEATURE_AGENDA
38.21 FORK_ANY
39.0 FEATURE_ERROR_BANNER
39.1 FEATURE_ERROR_BANNER
39.2 FEATURE_ERROR_BANNER
39.3 FEATURE_ERROR_BANNER
39.4 FEATURE_ERROR_BANNER
39.5 FEATURE_ERROR_BANNER
39.6 FEATURE_ERROR_BANNER
39.2:7-7 FEATURE_ERROR_BANNER && FEATURE_CHIMES
39.2:15-19 FEATURE_ERROR_BANNER && FEATURE_CHIMES
39.5:14-14 FEATURE_ERROR_BANNER && FEATURE_CHIMES
39.5:24-26 FEATURE_ERROR_BANNER && FEATURE_CHIMES
40:6-6 FEATURE_TELEGRAM && FEATURE_ERROR_BANNER
