# webapp/src/components/SettingsPanel.vue (vote: first)
1.0 FORK_ANY
1.4 FEATURE_ERROR_BANNER
2:1-1 FEATURE_DISPLAY_HISTORY
2:2-2 FEATURE_AGENDA
4.8 FEATURE_CLIMATE
4.9 FEATURE_CLIMATE
6.3 FORK_FIXES
7 FORK_FIXES
8 FORK_FIXES
9 FORK_FIXES
12 FORK_FIXES
13.0 FEATURE_FACECROP
13.1 FEATURE_FACECROP
25 FEATURE_AGENDA
27:1-1 FEATURE_OVERLAYS
27:2-4 FEATURE_CHIMES
27:5-7 FEATURE_ALARMCLOCK
27:8-10 FEATURE_CLIMATE
29 FORK_ANY
29:1-14 FEATURE_DISPLAY_HISTORY
30.0 FEATURE_DISPLAY_HISTORY
30.1 FORK_ANY
31 FORK_ANY
32.0 FEATURE_TELEGRAM
33.14 FEATURE_TELEGRAM
33.15:1-4 FEATURE_TELEGRAM
33.15:5-7 FEATURE_TELEGRAM
34.2 FEATURE_AGENDA
34.4 FEATURE_AGENDA
34.9 FEATURE_AGENDA
34.10 FEATURE_AGENDA
34.11 FEATURE_AGENDA
34.12 FEATURE_AGENDA
35.9 FEATURE_OVERLAYS
35.11 FEATURE_OVERLAYS
35.14 FEATURE_CHIMES
35.15 FEATURE_CHIMES
35.16 FEATURE_CHIMES
35.21 FEATURE_ALARMCLOCK
35.23 FEATURE_ALARMCLOCK
35.27 FEATURE_ALARMCLOCK
35.32 FEATURE_CLIMATE
35.34 FEATURE_CLIMATE
36 FORK_FIXES
37 FORK_FIXES
38 FORK_ANY
39 FORK_FIXES
40.1 FEATURE_FACECROP
41 FEATURE_DISPLAY_HISTORY
42 FORK_FIXES
43 FORK_ANY

# the fork's import rewrite (14-24) would drop upstream's device-password handling: kept upstream
14 drop
15 drop
16 drop
17 drop
18 drop
19 drop
20 drop
21.0 drop
21.1 drop
22 drop
23 drop
24 drop